[0.015s] Invoking command in '/home/UMRobotics/group12_ws/build/group_12_motion_planning': DEBUGINFOD_URLS=https://debuginfod.ubuntu.com /usr/bin/cmake --build /home/UMRobotics/group12_ws/build/group_12_motion_planning -- -j16 -l16
[0.036s] -- Found ament_cmake: 2.5.4 (/opt/ros/jazzy/share/ament_cmake/cmake)
[0.183s] -- Found xacro: 2.0.13 (/opt/ros/jazzy/share/xacro/cmake)
[0.183s] -- Found moveit_ros_planning_interface: 2.12.3 (/opt/ros/jazzy/share/moveit_ros_planning_interface/cmake)
[0.190s] -- Found Boost: /usr/lib/x86_64-linux-gnu/cmake/Boost-1.83.0/BoostConfig.cmake (found version "1.83.0") found components: date_time filesystem program_options system thread 
[0.208s] -- Found rosidl_generator_c: 4.6.5 (/opt/ros/jazzy/share/rosidl_generator_c/cmake)
[0.214s] -- Found rosidl_generator_cpp: 4.6.5 (/opt/ros/jazzy/share/rosidl_generator_cpp/cmake)
[0.222s] -- Using all available rosidl_typesupport_c: rosidl_typesupport_fastrtps_c;rosidl_typesupport_introspection_c
[0.231s] -- Using all available rosidl_typesupport_cpp: rosidl_typesupport_fastrtps_cpp;rosidl_typesupport_introspection_cpp
[0.414s] -- Found Boost: /usr/lib/x86_64-linux-gnu/cmake/Boost-1.83.0/BoostConfig.cmake (found version "1.83.0") found components: chrono date_time filesystem iostreams program_options regex serialization system thread 
[0.436s] -- Found parameter_traits: 0.4.0 (/opt/ros/jazzy/share/parameter_traits/cmake)
[0.460s] -- Found rmw_implementation_cmake: 7.3.2 (/opt/ros/jazzy/share/rmw_implementation_cmake/cmake)
[0.461s] -- Found rmw_fastrtps_cpp: 8.4.2 (/opt/ros/jazzy/share/rmw_fastrtps_cpp/cmake)
[0.514s] -- Using RMW implementation 'rmw_fastrtps_cpp' as default
[0.567s] -- Found rclcpp_lifecycle: 28.1.9 (/opt/ros/jazzy/share/rclcpp_lifecycle/cmake)
[0.589s] -- Found Boost: /usr/lib/x86_64-linux-gnu/cmake/Boost-1.83.0/BoostConfig.cmake (found version "1.83.0") found components: filesystem 
[0.619s] -- Ensuring Eigen3 include directory is part of orocos-kdl CMake target
[0.701s] -- Found Boost: /usr/lib/x86_64-linux-gnu/cmake/Boost-1.83.0/BoostConfig.cmake (found version "1.83.0") found components: system filesystem date_time program_options thread chrono 
[0.735s] -- Found Boost: /usr/lib/x86_64-linux-gnu/cmake/Boost-1.83.0/BoostConfig.cmake (found version "1.83.0") found components: thread system filesystem regex date_time program_options 
[0.752s] -- Found Boost: /usr/lib/x86_64-linux-gnu/cmake/Boost-1.83.0/BoostConfig.cmake (found version "1.83.0") found components: system filesystem date_time program_options thread 
[0.778s] -- Found ament_lint_auto: 0.17.2 (/opt/ros/jazzy/share/ament_lint_auto/cmake)
[0.826s] Error parsing '/home/UMRobotics/group12_ws/src/group_12_motion_planning/package.xml':
[1.556s] Traceback (most recent call last):
[1.556s]   File "/usr/lib/python3/dist-packages/catkin_pkg/package.py", line 610, in parse_package_string
[1.556s]     root = dom.parseString(data)
[1.556s]            ^^^^^^^^^^^^^^^^^^^^^
[1.556s]   File "/usr/lib/python3.12/xml/dom/minidom.py", line 2000, in parseString
[1.556s]     return expatbuilder.parseString(string)
[1.556s]            ^^^^^^^^^^^^^^^^^^^^^^^^^^^^^^^^
[1.556s]   File "/usr/lib/python3.12/xml/dom/expatbuilder.py", line 922, in parseString
[1.557s]     return builder.parseString(string)
[1.557s]            ^^^^^^^^^^^^^^^^^^^^^^^^^^^
[1.557s]   File "/usr/lib/python3.12/xml/dom/expatbuilder.py", line 220, in parseString
[1.557s]     parser.Parse(string, True)
[1.557s] xml.parsers.expat.ExpatError: not well-formed (invalid token): line 18, column 2
[1.557s] 
[1.557s] During handling of the above exception, another exception occurred:
[1.557s] 
[1.557s] Traceback (most recent call last):
[1.557s]   File "/opt/ros/jazzy/share/ament_cmake_core/cmake/core/package_xml_2_cmake.py", line 150, in <module>
[1.557s]     main()
[1.557s]   File "/opt/ros/jazzy/share/ament_cmake_core/cmake/core/package_xml_2_cmake.py", line 53, in main
[1.557s]     raise e
[1.557s]   File "/opt/ros/jazzy/share/ament_cmake_core/cmake/core/package_xml_2_cmake.py", line 49, in main
[1.557s]     package = parse_package_string(
[1.557s]               ^^^^^^^^^^^^^^^^^^^^^
[1.557s]   File "/usr/lib/python3/dist-packages/catkin_pkg/package.py", line 612, in parse_package_string
[1.557s]     raise InvalidPackage('The manifest contains invalid XML:\n%s' % ex, filename)
[1.557s] catkin_pkg.package.InvalidPackage: Error(s) in package '/home/UMRobotics/group12_ws/src/group_12_motion_planning/package.xml':
[1.557s] The manifest contains invalid XML:
[1.557s] not well-formed (invalid token): line 18, column 2
[1.579s] [31mCMake Error at /opt/ros/jazzy/share/ament_cmake_core/cmake/core/ament_package_xml.cmake:95 (message):
[1.580s]   execute_process(/home/UMRobotics/.local/bin/python3
[1.580s]   /opt/ros/jazzy/share/ament_cmake_core/cmake/core/package_xml_2_cmake.py
[1.580s]   /home/UMRobotics/group12_ws/src/group_12_motion_planning/package.xml
[1.580s]   /home/UMRobotics/group12_ws/build/group_12_motion_planning/ament_cmake_core/package.cmake)
[1.580s]   returned error code 1
[1.580s] Call Stack (most recent call first):
[1.580s]   /opt/ros/jazzy/share/ament_cmake_core/cmake/core/ament_package_xml.cmake:49 (_ament_package_xml)
[1.580s]   /opt/ros/jazzy/share/ament_lint_auto/cmake/ament_lint_auto_find_test_dependencies.cmake:31 (ament_package_xml)
[1.580s]   CMakeLists.txt:49 (ament_lint_auto_find_test_dependencies)
[1.580s] 
[1.580s] [0m
[1.580s] -- Configuring incomplete, errors occurred!
[1.588s] gmake: *** [Makefile:267: cmake_check_build_system] Error 1
[1.589s] Invoked command in '/home/UMRobotics/group12_ws/build/group_12_motion_planning' returned '2': DEBUGINFOD_URLS=https://debuginfod.ubuntu.com /usr/bin/cmake --build /home/UMRobotics/group12_ws/build/group_12_motion_planning -- -j16 -l16
